// Jest Snapshot v1, https://goo.gl/fbAQLP

exports[`creation of molecular formula 1`] = `
Object {
  "_id": 1234,
  "atom": Object {
    "C": 4,
    "H": 11,
  },
  "charge": -1,
  "em": 60.0894301897,
  "iupac": undefined,
  "mf": "C2H5(-).CH6[13C]",
  "mw": 60.122911,
  "nbFragments": 2,
  "ocl": Object {
    "coordinates": "!B_qL]pW|S",
    "id": "gB\`AMrQt@qAX@",
    "index": Array [
      1073741824,
      0,
      0,
      0,
      0,
      0,
      0,
      0,
      0,
      0,
      0,
      0,
      0,
      0,
      0,
      0,
    ],
  },
  "seq": 0,
  "unsaturation": 0,
}
`;
